Fetching index: https://www.sucursales24.com.co/tiendas-d1/todos/
Found 210 city pages
[1/210] https://www.sucursales24.com.co/acacias/tiendas-d1/ -> 0 stores
[2/210] https://www.sucursales24.com.co/aguadas/tiendas-d1/ -> 0 stores
[3/210] https://www.sucursales24.com.co/aguazul/tiendas-d1/ -> 0 stores
[4/210] https://www.sucursales24.com.co/andalucia/tiendas-d1/ -> 0 stores
[5/210] https://www.sucursales24.com.co/ansermanuevo/tiendas-d1/ -> 0 stores
[6/210] https://www.sucursales24.com.co/apartado/tiendas-d1/ -> 3 stores
[7/210] https://www.sucursales24.com.co/arauca/tiendas-d1/ -> 0 stores
[8/210] https://www.sucursales24.com.co/arjona/tiendas-d1/ -> 0 stores
[9/210] https://www.sucursales24.com.co/armenia/tiendas-d1/ -> 15 stores
[10/210] https://www.sucursales24.com.co/baranoa/tiendas-d1/ -> 0 stores
[11/210] https://www.sucursales24.com.co/barbosa/tiendas-d1/ -> 0 stores
[12/210] https://www.sucursales24.com.co/barichara/tiendas-d1/ -> 0 stores
[13/210] https://www.sucursales24.com.co/barrancabermeja/tiendas-d1/ -> 6 stores
[14/210] https://www.sucursales24.com.co/barranquilla/tiendas-d1/ -> 20 stores
[15/210] https://www.sucursales24.com.co/becerril/tiendas-d1/ -> 0 stores
[16/210] https://www.sucursales24.com.co/belen-boyaca/tiendas-d1/ -> 0 stores
[17/210] https://www.sucursales24.com.co/belen-de-umbria/tiendas-d1/ -> 0 stores
[18/210] https://www.sucursales24.com.co/bello/tiendas-d1/ -> 20 stores
[19/210] https://www.sucursales24.com.co/bogota/tiendas-d1/ -> 20 stores
[20/210] https://www.sucursales24.com.co/bolivar-santander/tiendas-d1/ -> 0 stores
[21/210] https://www.sucursales24.com.co/bucaramanga/tiendas-d1/ -> 20 stores
[22/210] https://www.sucursales24.com.co/buenaventura/tiendas-d1/ -> 7 stores
[23/210] https://www.sucursales24.com.co/buesaco/tiendas-d1/ -> 0 stores
[24/210] https://www.sucursales24.com.co/buga/tiendas-d1/ -> 3 stores
[25/210] https://www.sucursales24.com.co/cajica/tiendas-d1/ -> 3 stores
[26/210] https://www.sucursales24.com.co/calamar-bolivar/tiendas-d1/ -> 0 stores
[27/210] https://www.sucursales24.com.co/calarca/tiendas-d1/ -> 2 stores
[28/210] https://www.sucursales24.com.co/caldas/tiendas-d1/ -> 4 stores
[29/210] https://www.sucursales24.com.co/cali/tiendas-d1/ -> 20 stores
[30/210] https://www.sucursales24.com.co/caloto/tiendas-d1/ -> 0 stores
[31/210] https://www.sucursales24.com.co/candelaria/tiendas-d1/ -> 0 stores
[32/210] https://www.sucursales24.com.co/carepa/tiendas-d1/ -> 2 stores
[33/210] https://www.sucursales24.com.co/carmen-de-viboral/tiendas-d1/ -> 3 stores
[34/210] https://www.sucursales24.com.co/cartagena/tiendas-d1/ -> 11 stores
[35/210] https://www.sucursales24.com.co/cartago/tiendas-d1/ -> 8 stores
[36/210] https://www.sucursales24.com.co/caucasia/tiendas-d1/ -> 2 stores
[37/210] https://www.sucursales24.com.co/cerete/tiendas-d1/ -> 3 stores
[38/210] https://www.sucursales24.com.co/chia/tiendas-d1/ -> 6 stores
[39/210] https://www.sucursales24.com.co/chinacota/tiendas-d1/ -> 0 stores
[40/210] https://www.sucursales24.com.co/chiquinquira/tiendas-d1/ -> 3 stores
[41/210] https://www.sucursales24.com.co/chiriguana/tiendas-d1/ -> 0 stores
[42/210] https://www.sucursales24.com.co/cienaga/tiendas-d1/ -> 4 stores
[43/210] https://www.sucursales24.com.co/ciudad-bolivar/tiendas-d1/ -> 0 stores
[44/210] https://www.sucursales24.com.co/concordia-antioquia/tiendas-d1/ -> 0 stores
[45/210] https://www.sucursales24.com.co/copacabana/tiendas-d1/ -> 3 stores
[46/210] https://www.sucursales24.com.co/corozal/tiendas-d1/ -> 0 stores
[47/210] https://www.sucursales24.com.co/cota/tiendas-d1/ -> 2 stores
[48/210] https://www.sucursales24.com.co/covenas/tiendas-d1/ -> 0 stores
[49/210] https://www.sucursales24.com.co/cucuta/tiendas-d1/ -> 20 stores
[50/210] https://www.sucursales24.com.co/dagua/tiendas-d1/ -> 0 stores
[51/210] https://www.sucursales24.com.co/don-matias/tiendas-d1/ -> 0 stores
[52/210] https://www.sucursales24.com.co/dosquebradas/tiendas-d1/ -> 12 stores
[53/210] https://www.sucursales24.com.co/duitama/tiendas-d1/ -> 4 stores
[54/210] https://www.sucursales24.com.co/el-carmen-de-bolivar/tiendas-d1/ -> 0 stores
[55/210] https://www.sucursales24.com.co/el-carmen-de-chucuri/tiendas-d1/ -> 0 stores
[56/210] https://www.sucursales24.com.co/el-cerrito/tiendas-d1/ -> 0 stores
[57/210] https://www.sucursales24.com.co/el-espinal/tiendas-d1/ -> 2 stores
[58/210] https://www.sucursales24.com.co/el-rosal/tiendas-d1/ -> 0 stores
[59/210] https://www.sucursales24.com.co/envigado/tiendas-d1/ -> 17 stores
[60/210] https://www.sucursales24.com.co/facatativa/tiendas-d1/ -> 3 stores
[61/210] https://www.sucursales24.com.co/flandes/tiendas-d1/ -> 0 stores
[62/210] https://www.sucursales24.com.co/florencia/tiendas-d1/ -> 0 stores
[63/210] https://www.sucursales24.com.co/florida/tiendas-d1/ -> 2 stores
[64/210] https://www.sucursales24.com.co/floridablanca/tiendas-d1/ -> 5 stores
[65/210] https://www.sucursales24.com.co/fonseca/tiendas-d1/ -> 0 stores
[66/210] https://www.sucursales24.com.co/fresno/tiendas-d1/ -> 0 stores
[67/210] https://www.sucursales24.com.co/fundacion/tiendas-d1/ -> 2 stores
[68/210] https://www.sucursales24.com.co/funza/tiendas-d1/ -> 7 stores
[69/210] https://www.sucursales24.com.co/fusagasuga/tiendas-d1/ -> 4 stores
[70/210] https://www.sucursales24.com.co/galapa/tiendas-d1/ -> 0 stores
[71/210] https://www.sucursales24.com.co/gigante/tiendas-d1/ -> 0 stores
[72/210] https://www.sucursales24.com.co/girardot/tiendas-d1/ -> 4 stores
[73/210] https://www.sucursales24.com.co/girardota/tiendas-d1/ -> 4 stores
[74/210] https://www.sucursales24.com.co/giron/tiendas-d1/ -> 6 stores
[75/210] https://www.sucursales24.com.co/guacari/tiendas-d1/ -> 0 stores
[76/210] https://www.sucursales24.com.co/guarne/tiendas-d1/ -> 0 stores
[77/210] https://www.sucursales24.com.co/guasca/tiendas-d1/ -> 0 stores
[78/210] https://www.sucursales24.com.co/guatavita/tiendas-d1/ -> 0 stores
[79/210] https://www.sucursales24.com.co/hatonuevo/tiendas-d1/ -> 0 stores
[80/210] https://www.sucursales24.com.co/honda-tolima/tiendas-d1/ -> 2 stores
[81/210] https://www.sucursales24.com.co/ibague/tiendas-d1/ -> 8 stores
[82/210] https://www.sucursales24.com.co/ipiales/tiendas-d1/ -> 3 stores
[83/210] https://www.sucursales24.com.co/istmina/tiendas-d1/ -> 0 stores
[84/210] https://www.sucursales24.com.co/itagui/tiendas-d1/ -> 15 stores
[85/210] https://www.sucursales24.com.co/jamundi/tiendas-d1/ -> 3 stores
[86/210] https://www.sucursales24.com.co/juan-de-acosta/tiendas-d1/ -> 0 stores
[87/210] https://www.sucursales24.com.co/la-calera/tiendas-d1/ -> 2 stores
[88/210] https://www.sucursales24.com.co/la-ceja/tiendas-d1/ -> 4 stores
[89/210] https://www.sucursales24.com.co/la-dorada/tiendas-d1/ -> 4 stores
[90/210] https://www.sucursales24.com.co/la-estrella/tiendas-d1/ -> 6 stores
[91/210] https://www.sucursales24.com.co/la-pintada/tiendas-d1/ -> 0 stores
[92/210] https://www.sucursales24.com.co/la-tebaida/tiendas-d1/ -> 0 stores
[93/210] https://www.sucursales24.com.co/la-vega-cundinamarca/tiendas-d1/ -> 0 stores
[94/210] https://www.sucursales24.com.co/la-victoria/tiendas-d1/ -> 0 stores
[95/210] https://www.sucursales24.com.co/la-virginia/tiendas-d1/ -> 0 stores
[96/210] https://www.sucursales24.com.co/lebrija/tiendas-d1/ -> 0 stores
[97/210] https://www.sucursales24.com.co/liborina/tiendas-d1/ -> 0 stores
[98/210] https://www.sucursales24.com.co/los-patios/tiendas-d1/ -> 2 stores
[99/210] https://www.sucursales24.com.co/los-santos/tiendas-d1/ -> 0 stores
[100/210] https://www.sucursales24.com.co/madrid/tiendas-d1/ -> 3 stores
[101/210] https://www.sucursales24.com.co/maicao/tiendas-d1/ -> 2 stores
[102/210] https://www.sucursales24.com.co/majagual/tiendas-d1/ -> 0 stores
[103/210] https://www.sucursales24.com.co/malambo/tiendas-d1/ -> 3 stores
[104/210] https://www.sucursales24.com.co/mani/tiendas-d1/ -> 0 stores
[105/210] https://www.sucursales24.com.co/manizales/tiendas-d1/ -> 16 stores
[106/210] https://www.sucursales24.com.co/marinilla/tiendas-d1/ -> 3 stores
[107/210] https://www.sucursales24.com.co/mariquita/tiendas-d1/ -> 0 stores
[108/210] https://www.sucursales24.com.co/medellin/tiendas-d1/ -> 10 stores
[109/210] https://www.sucursales24.com.co/melgar/tiendas-d1/ -> 0 stores
[110/210] https://www.sucursales24.com.co/montelibano/tiendas-d1/ -> 0 stores
[111/210] https://www.sucursales24.com.co/monteria/tiendas-d1/ -> 10 stores
[112/210] https://www.sucursales24.com.co/mosquera/tiendas-d1/ -> 3 stores
[113/210] https://www.sucursales24.com.co/mutata/tiendas-d1/ -> 0 stores
[114/210] https://www.sucursales24.com.co/necocli/tiendas-d1/ -> 2 stores
[115/210] https://www.sucursales24.com.co/neiva/tiendas-d1/ -> 6 stores
[116/210] https://www.sucursales24.com.co/ocana/tiendas-d1/ -> 4 stores
[117/210] https://www.sucursales24.com.co/oiba/tiendas-d1/ -> 0 stores
[118/210] https://www.sucursales24.com.co/pailitas/tiendas-d1/ -> 0 stores
[119/210] https://www.sucursales24.com.co/paipa/tiendas-d1/ -> 0 stores
[120/210] https://www.sucursales24.com.co/palmar-de-varela/tiendas-d1/ -> 0 stores
[121/210] https://www.sucursales24.com.co/palmira/tiendas-d1/ -> 10 stores
[122/210] https://www.sucursales24.com.co/pasto/tiendas-d1/ -> 9 stores
[123/210] https://www.sucursales24.com.co/penol/tiendas-d1/ -> 0 stores
[124/210] https://www.sucursales24.com.co/pereira/tiendas-d1/ -> 15 stores
[125/210] https://www.sucursales24.com.co/piedecuesta/tiendas-d1/ -> 6 stores
[126/210] https://www.sucursales24.com.co/piendamo/tiendas-d1/ -> 0 stores
[127/210] https://www.sucursales24.com.co/pitalito/tiendas-d1/ -> 0 stores
[128/210] https://www.sucursales24.com.co/popayan/tiendas-d1/ -> 9 stores
[129/210] https://www.sucursales24.com.co/pradera/tiendas-d1/ -> 0 stores
[130/210] https://www.sucursales24.com.co/pueblo-rico/tiendas-d1/ -> 0 stores
[131/210] https://www.sucursales24.com.co/puente-aranda/tiendas-d1/ -> 10 stores
[132/210] https://www.sucursales24.com.co/puerto-berrio/tiendas-d1/ -> 0 stores
[133/210] https://www.sucursales24.com.co/puerto-boyaca/tiendas-d1/ -> 0 stores
[134/210] https://www.sucursales24.com.co/puerto-colombia/tiendas-d1/ -> 2 stores
[135/210] https://www.sucursales24.com.co/puerto-santander/tiendas-d1/ -> 0 stores
[136/210] https://www.sucursales24.com.co/puerto-tejada/tiendas-d1/ -> 0 stores
[137/210] https://www.sucursales24.com.co/puerto-wilches/tiendas-d1/ -> 0 stores
[138/210] https://www.sucursales24.com.co/quibdo/tiendas-d1/ -> 3 stores
[139/210] https://www.sucursales24.com.co/quimbaya/tiendas-d1/ -> 0 stores
[140/210] https://www.sucursales24.com.co/ramiriqui/tiendas-d1/ -> 0 stores
[141/210] https://www.sucursales24.com.co/raquira/tiendas-d1/ -> 0 stores
[142/210] https://www.sucursales24.com.co/restrepo-valle-del-cauca/tiendas-d1/ -> 0 stores
[143/210] https://www.sucursales24.com.co/restrepo/tiendas-d1/ -> 0 stores
[144/210] https://www.sucursales24.com.co/retiro/tiendas-d1/ -> 2 stores
[145/210] https://www.sucursales24.com.co/ricaurte-cundinamarca/tiendas-d1/ -> 0 stores
[146/210] https://www.sucursales24.com.co/riohacha/tiendas-d1/ -> 3 stores
[147/210] https://www.sucursales24.com.co/rionegro/tiendas-d1/ -> 11 stores
[148/210] https://www.sucursales24.com.co/riosucio-caldas/tiendas-d1/ -> 0 stores
[149/210] https://www.sucursales24.com.co/robles/tiendas-d1/ -> 0 stores
[150/210] https://www.sucursales24.com.co/roldanillo/tiendas-d1/ -> 0 stores
[151/210] https://www.sucursales24.com.co/sabana-de-torres/tiendas-d1/ -> 0 stores
[152/210] https://www.sucursales24.com.co/sabanalarga/tiendas-d1/ -> 0 stores
[153/210] https://www.sucursales24.com.co/sabaneta/tiendas-d1/ -> 8 stores
[154/210] https://www.sucursales24.com.co/samaca/tiendas-d1/ -> 0 stores
[155/210] https://www.sucursales24.com.co/san-alberto/tiendas-d1/ -> 0 stores
[156/210] https://www.sucursales24.com.co/san-andres/tiendas-d1/ -> 0 stores
[157/210] https://www.sucursales24.com.co/san-carlos-antioquia/tiendas-d1/ -> 0 stores
[158/210] https://www.sucursales24.com.co/san-francisco-cundinamarca/tiendas-d1/ -> 0 stores
[159/210] https://www.sucursales24.com.co/san-gil/tiendas-d1/ -> 3 stores
[160/210] https://www.sucursales24.com.co/san-jeronimo/tiendas-d1/ -> 0 stores
[161/210] https://www.sucursales24.com.co/san-jose-de-la-montana/tiendas-d1/ -> 0 stores
[162/210] https://www.sucursales24.com.co/san-juan-de-rio-seco/tiendas-d1/ -> 0 stores
[163/210] https://www.sucursales24.com.co/san-juan-del-cesar/tiendas-d1/ -> 0 stores
[164/210] https://www.sucursales24.com.co/san-marcos/tiendas-d1/ -> 0 stores
[165/210] https://www.sucursales24.com.co/san-pedro-de-los-milagros/tiendas-d1/ -> 2 stores
[166/210] https://www.sucursales24.com.co/santa-fe-de-antioquia/tiendas-d1/ -> 3 stores
[167/210] https://www.sucursales24.com.co/santa-lucia/tiendas-d1/ -> 0 stores
[168/210] https://www.sucursales24.com.co/santa-marta/tiendas-d1/ -> 10 stores
[169/210] https://www.sucursales24.com.co/santa-rosa-de-osos/tiendas-d1/ -> 0 stores
[170/210] https://www.sucursales24.com.co/santa-rosa-del-sur/tiendas-d1/ -> 0 stores
[171/210] https://www.sucursales24.com.co/santa-rosa/tiendas-d1/ -> 2 stores
[172/210] https://www.sucursales24.com.co/santander-de-quilichao/tiendas-d1/ -> 2 stores
[173/210] https://www.sucursales24.com.co/santo-tomas/tiendas-d1/ -> 2 stores
[174/210] https://www.sucursales24.com.co/sasaima/tiendas-d1/ -> 0 stores
[175/210] https://www.sucursales24.com.co/sibate/tiendas-d1/ -> 0 stores
[176/210] https://www.sucursales24.com.co/sibundoy/tiendas-d1/ -> 0 stores
[177/210] https://www.sucursales24.com.co/sincelejo/tiendas-d1/ -> 9 stores
[178/210] https://www.sucursales24.com.co/soacha/tiendas-d1/ -> 9 stores
[179/210] https://www.sucursales24.com.co/socorro/tiendas-d1/ -> 0 stores
[180/210] https://www.sucursales24.com.co/sogamoso/tiendas-d1/ -> 2 stores
[181/210] https://www.sucursales24.com.co/soledad/tiendas-d1/ -> 5 stores
[182/210] https://www.sucursales24.com.co/sopetran/tiendas-d1/ -> 0 stores
[183/210] https://www.sucursales24.com.co/sopo/tiendas-d1/ -> 0 stores
[184/210] https://www.sucursales24.com.co/suesca/tiendas-d1/ -> 0 stores
[185/210] https://www.sucursales24.com.co/supia/tiendas-d1/ -> 0 stores
[186/210] https://www.sucursales24.com.co/tame/tiendas-d1/ -> 0 stores
[187/210] https://www.sucursales24.com.co/tenjo/tiendas-d1/ -> 0 stores
[188/210] https://www.sucursales24.com.co/timbio/tiendas-d1/ -> 0 stores
[189/210] https://www.sucursales24.com.co/tocancipa/tiendas-d1/ -> 2 stores
[190/210] https://www.sucursales24.com.co/tulua/tiendas-d1/ -> 5 stores
[191/210] https://www.sucursales24.com.co/tunja/tiendas-d1/ -> 13 stores
[192/210] https://www.sucursales24.com.co/turbaco/tiendas-d1/ -> 0 stores
[193/210] https://www.sucursales24.com.co/turbo/tiendas-d1/ -> 7 stores
[194/210] https://www.sucursales24.com.co/valle-de-san-juan/tiendas-d1/ -> 0 stores
[195/210] https://www.sucursales24.com.co/valledupar/tiendas-d1/ -> 6 stores
[196/210] https://www.sucursales24.com.co/venecia-antioquia/tiendas-d1/ -> 0 stores
[197/210] https://www.sucursales24.com.co/viani/tiendas-d1/ -> 0 stores
[198/210] https://www.sucursales24.com.co/villa-de-leyva/tiendas-d1/ -> 0 stores
[199/210] https://www.sucursales24.com.co/villa-del-rosario/tiendas-d1/ -> 0 stores
[200/210] https://www.sucursales24.com.co/villamaria/tiendas-d1/ -> 2 stores
[201/210] https://www.sucursales24.com.co/villapinzon/tiendas-d1/ -> 0 stores
[202/210] https://www.sucursales24.com.co/villavicencio/tiendas-d1/ -> 8 stores
[203/210] https://www.sucursales24.com.co/villeta/tiendas-d1/ -> 0 stores
[204/210] https://www.sucursales24.com.co/viterbo/tiendas-d1/ -> 0 stores
[205/210] https://www.sucursales24.com.co/yarumal/tiendas-d1/ -> 2 stores
[206/210] https://www.sucursales24.com.co/yopal/tiendas-d1/ -> 3 stores
[207/210] https://www.sucursales24.com.co/yumbo/tiendas-d1/ -> 3 stores
[208/210] https://www.sucursales24.com.co/zapatoca/tiendas-d1/ -> 0 stores
[209/210] https://www.sucursales24.com.co/zipacon/tiendas-d1/ -> 0 stores
[210/210] https://www.sucursales24.com.co/zipaquira/tiendas-d1/ -> 8 stores
Wrote 589 S24 rows to /workspace/d1_scraper/output
